../Drivers/CMSIS/Include/core_cm4.h:2064:26:ITM_SendChar	16	static,ignoring_inline_asm
../Core/Src/main.c:57:5:__io_putchar	16	static
../Core/Src/main.c:76:6:vDummyTask	24	static
../Core/Src/main.c:99:5:main	48	static
../Core/Src/main.c:175:6:SystemClock_Config	88	static
../Core/Src/main.c:222:13:MX_TIM2_Init	32	static
../Core/Src/main.c:267:13:MX_USART1_UART_Init	8	static
../Core/Src/main.c:300:13:MX_GPIO_Init	40	static
../Core/Src/main.c:326:6:trace_context_switch_calculated	4	static
../Core/Src/main.c:345:6:StartDefaultTask	32	static
../Core/Src/main.c:371:6:HAL_TIM_PeriodElapsedCallback	16	static
../Core/Src/main.c:388:6:Error_Handler	4	static,ignoring_inline_asm
